time="2025-11-15T23:54:24+07:00" level=warning msg="/mnt/f/BigData/Financial_Risk/docker-compose.yml: the attribute `version` is obsolete, it will be ignored, please remove it to avoid potential confusion"
python3: can't open file '/app/test_indicators.py': [Errno 2] No such file or directory
25/11/15 16:54:26 INFO ShutdownHookManager: Shutdown hook called
25/11/15 16:54:26 INFO ShutdownHookManager: Deleting directory /tmp/spark-7552e133-3dad-43df-ac60-62cfc36c154d
